<configuration>
  <interfaces>
    <interface>
      <name>ge-0/0/0</name>
      <mtu delete="delete"/>
      <description>management interface</description>
      <unit>
        <name>0</name>
        <description>ge-0/0/0.0</description>
        <family>
          <inet/>
        </family>
      </unit>
    </interface>
    <interface>
      <name>ge-0/0/1</name>
      <description>ge-0/0/1</description>
      <disable/>
    </interface>
    <interface>
      <name>ae0</name>
      <unit>
        <name>0</name>
        <description>ASDASDASD</description>
        <vlan-id>100</vlan-id>
        <family>
          <inet>
            <address>
              <name>192.168.100.1/24</name>
            </address>
            <address>
              <name>172.20.100.1/24</name>
            </address>
          </inet>
        </family>
      </unit>
      <vlan-tagging/>
      <unit>
        <name>1</name>
        <description>ae0.1</description>
        <vlan-id>1</vlan-id>
        <family>
          <inet>
            <address>
              <name>192.168.101.1/24</name>
            </address>
          </inet>
        </family>
      </unit>
      <vlan-tagging/>
      <unit>
        <name>2</name>
        <description>ae0.2</description>
        <vlan-id>2</vlan-id>
        <family>
          <inet>
            <address>
              <name>192.168.102.1/24</name>
            </address>
          </inet>
        </family>
      </unit>
      <vlan-tagging/>
    </interface>
    <interface>
      <name>lo0</name>
      <description>lo0</description>
      <unit>
        <name>1</name>
        <description>new loopback</description>
      </unit>
      <unit delete="delete">
        <name>0</name>
      </unit>
    </interface>
  </interfaces>
</configuration>
